[debug] [2026-08-29T20:46:41.852Z] ----------------------------------------------------------------------
[debug] [2026-08-29T20:46:41.859Z] Command:       C:\Program Files\nodejs\node.exe C:\Users\sec\AppData\Roaming\npm\node_modules\firebase-tools\lib\bin\firebase.js deploy
[debug] [2026-08-29T20:46:41.860Z] CLI Version:   15.24.0
[debug] [2026-08-29T20:46:41.860Z] Platform:      win32
[debug] [2026-08-29T20:46:41.860Z] Node Version:  v24.18.0
[debug] [2026-08-29T20:46:41.861Z] Detected Agent: unknown
[debug] [2026-08-29T20:46:41.861Z] Time:          Sat Aug 29 2026 16:46:41 GMT-0400 (Eastern Daylight Time)
[debug] [2026-08-29T20:46:41.862Z] ----------------------------------------------------------------------
[debug] 
[debug] [2026-08-29T20:46:41.910Z] >>> [apiv2][query] GET https://firebase-public.firebaseio.com/cli.json [none]
[debug] [2026-08-29T20:47:47.786Z] > command requires scopes: ["email","openid","https://www.googleapis.com/auth/cloudplatformprojects.readonly","https://www.googleapis.com/auth/firebase","https://www.googleapis.com/auth/cloud-platform"]
[debug] [2026-08-29T20:47:47.786Z] > authorizing via signed-in user (25pi25mail@gmail.com)
[debug] [2026-08-29T20:47:47.786Z] [iam] checking project botc-grimoire for permissions ["firebase.projects.get","firebasehosting.sites.update"]
[debug] [2026-08-29T20:47:47.788Z] Checked if tokens are valid: false, expires at: 1787954294793
[debug] [2026-08-29T20:47:47.788Z] Checked if tokens are valid: false, expires at: 1787954294793
[debug] [2026-08-29T20:47:47.788Z] > refreshing access token with scopes: []
[debug] [2026-08-29T20:47:47.790Z] >>> [apiv2][query] POST https://www.googleapis.com/oauth2/v3/token [none]
[debug] [2026-08-29T20:47:47.790Z] >>> [apiv2][body] POST https://www.googleapis.com/oauth2/v3/token [omitted]
[debug] [2026-08-29T20:47:47.917Z] <<< [apiv2][status] POST https://www.googleapis.com/oauth2/v3/token 200
[debug] [2026-08-29T20:47:47.917Z] <<< [apiv2][body] POST https://www.googleapis.com/oauth2/v3/token [omitted]
[debug] [2026-08-29T20:47:47.931Z] >>> [apiv2][query] POST https://cloudresourcemanager.googleapis.com/v1/projects/botc-grimoire:testIamPermissions [none]
[debug] [2026-08-29T20:47:47.931Z] >>> [apiv2][(partial)header] POST https://cloudresourcemanager.googleapis.com/v1/projects/botc-grimoire:testIamPermissions  x-goog-user-project=botc-grimoire
[debug] [2026-08-29T20:47:47.931Z] >>> [apiv2][body] POST https://cloudresourcemanager.googleapis.com/v1/projects/botc-grimoire:testIamPermissions {"permissions":["firebase.projects.get","firebasehosting.sites.update"]}
[debug] [2026-08-29T20:47:47.936Z] <<< [apiv2][status] GET https://firebase-public.firebaseio.com/cli.json 200
[debug] [2026-08-29T20:47:47.936Z] <<< [apiv2][body] GET https://firebase-public.firebaseio.com/cli.json {"cloudBuildErrorAfter":1594252800000,"cloudBuildWarnAfter":1590019200000,"defaultNode10After":1594252800000,"minVersion":"3.0.5","node8DeploysDisabledAfter":1613390400000,"node8RuntimeDisabledAfter":1615809600000,"node8WarnAfter":1600128000000}
[debug] [2026-08-29T20:47:48.149Z] <<< [apiv2][status] POST https://cloudresourcemanager.googleapis.com/v1/projects/botc-grimoire:testIamPermissions 200
[debug] [2026-08-29T20:47:48.149Z] <<< [apiv2][body] POST https://cloudresourcemanager.googleapis.com/v1/projects/botc-grimoire:testIamPermissions {"permissions":["firebase.projects.get","firebasehosting.sites.update"]}
[debug] [2026-08-29T20:47:48.150Z] Checked if tokens are valid: true, expires at: 1788040066917
[debug] [2026-08-29T20:47:48.150Z] Checked if tokens are valid: true, expires at: 1788040066917
[debug] [2026-08-29T20:47:48.151Z] >>> [apiv2][query] GET https://firebase.googleapis.com/v1beta1/projects/botc-grimoire [none]
[debug] [2026-08-29T20:47:48.480Z] <<< [apiv2][status] GET https://firebase.googleapis.com/v1beta1/projects/botc-grimoire 200
[debug] [2026-08-29T20:47:48.480Z] <<< [apiv2][body] GET https://firebase.googleapis.com/v1beta1/projects/botc-grimoire {"projectId":"botc-grimoire","projectNumber":"724209559968","displayName":"botc grimoire","name":"projects/botc-grimoire","resources":{"hostingSite":"botc-grimoire"},"state":"ACTIVE","labels":{"firebase":"enabled"},"etag":"1_0c318f73-b969-4e99-b9db-286e98ba65bd"}
[info] 
[info] === Deploying to 'botc-grimoire'...
[info] 
[info] i  deploying hosting 
[debug] [2026-08-29T20:47:48.484Z] Checked if tokens are valid: true, expires at: 1788040066917
[debug] [2026-08-29T20:47:48.484Z] Checked if tokens are valid: true, expires at: 1788040066917
[debug] [2026-08-29T20:47:48.484Z] >>> [apiv2][query] GET https://firebasehosting.googleapis.com/v1beta1/projects/botc-grimoire/sites/botc-grimoire [none]
[debug] [2026-08-29T20:47:49.201Z] <<< [apiv2][status] GET https://firebasehosting.googleapis.com/v1beta1/projects/botc-grimoire/sites/botc-grimoire 200
[debug] [2026-08-29T20:47:49.202Z] <<< [apiv2][body] GET https://firebasehosting.googleapis.com/v1beta1/projects/botc-grimoire/sites/botc-grimoire {"name":"projects/botc-grimoire/sites/botc-grimoire","defaultUrl":"https://botc-grimoire.web.app","type":"DEFAULT_SITE"}
[debug] [2026-08-29T20:47:49.206Z] Checked if tokens are valid: true, expires at: 1788040066917
[debug] [2026-08-29T20:47:49.206Z] Checked if tokens are valid: true, expires at: 1788040066917
[debug] [2026-08-29T20:47:49.207Z] >>> [apiv2][query] POST https://firebasehosting.googleapis.com/v1beta1/projects/-/sites/botc-grimoire/versions [none]
[debug] [2026-08-29T20:47:49.207Z] >>> [apiv2][body] POST https://firebasehosting.googleapis.com/v1beta1/projects/-/sites/botc-grimoire/versions {"status":"CREATED","labels":{"deployment-tool":"cli-firebase"}}
